// Jest Snapshot v1, https://goo.gl/fbAQLP

exports[`Pruebas en <AddCategory /> debe mostrarse correctamente 1`] = `
<form
  onSubmit={[Function]}
>
  <div
    className="d-flex justify-content-center mt-5"
  >
    <p />
    <input
      className="form-control w-50 p-3"
      onChange={[Function]}
      placeholder="Ingrese un nombre"
      type="text"
      value=""
    />
    <button
      className="btn btn-lg btn-secondary p-3"
      type="submit"
    >
      Buscar
    </button>
    <button
      className="btn btn-lg btn-dark ms-3 p-3"
      onClick={[Function]}
      type="reset"
    >
      Borrar busqueda
    </button>
  </div>
  <br />
</form>
`;
