// Jest Snapshot v1, https://goo.gl/fbAQLP

exports[`Pruebas en <GifGridItem /> debe mostrar el componente correctamente 1`] = `
<div
  className="card animate__animated animate__zoomIn"
>
  <img
    alt="Goku"
    src="http://www.google.com"
  />
  <p
    className="p-3"
  >
    Goku
  </p>
</div>
`;
